Unity Editor version:    2022.3.62f3 (96770f904ca7)
Branch:                  2022.3/respin/2022.3.62f2-4af31df585-v2
Build type:              Release
Batch mode:              YES
macOS version:           Version 26.2 (Build 25C56)
Darwin version:          25.2.0
Architecture:            arm64
Running under Rosetta:   NO
Available memory:        49152 MB
Using pre-set license
Pro License: YES

COMMAND LINE ARGUMENTS:
/Applications/Unity/Hub/Editor/2022.3.62f3/Unity.app/Contents/MacOS/Unity
-adb2
-batchMode
-noUpm
-name
AssetImportWorker1
-projectPath
/Users/sanderson/Documents/work/google-mobile-unity/hyprmx-6-4-5-0/samples/HelloWorld
-logFile
Logs/AssetImportWorker1.log
-srvPort
53700
Successfully changed project path to: /Users/sanderson/Documents/work/google-mobile-unity/hyprmx-6-4-5-0/samples/HelloWorld
/Users/sanderson/Documents/work/google-mobile-unity/hyprmx-6-4-5-0/samples/HelloWorld
[UnityMemory] Configuration Parameters - Can be set up in boot.config
    "memorysetup-bucket-allocator-granularity=16"
    "memorysetup-bucket-allocator-bucket-count=8"
    "memorysetup-bucket-allocator-block-size=33554432"
    "memorysetup-bucket-allocator-block-count=8"
    "memorysetup-main-allocator-block-size=16777216"
    "memorysetup-thread-allocator-block-size=16777216"
    "memorysetup-gfx-main-allocator-block-size=16777216"
    "memorysetup-gfx-thread-allocator-block-size=16777216"
    "memorysetup-cache-allocator-block-size=4194304"
    "memorysetup-typetree-allocator-block-size=2097152"
    "memorysetup-profiler-bucket-allocator-granularity=16"
    "memorysetup-profiler-bucket-allocator-bucket-count=8"
    "memorysetup-profiler-bucket-allocator-block-size=33554432"
    "memorysetup-profiler-bucket-allocator-block-count=8"
    "memorysetup-profiler-allocator-block-size=16777216"
    "memorysetup-profiler-editor-allocator-block-size=1048576"
    "memorysetup-temp-allocator-size-main=16777216"
    "memorysetup-job-temp-allocator-block-size=2097152"
    "memorysetup-job-temp-allocator-block-size-background=1048576"
    "memorysetup-job-temp-allocator-reduction-small-platforms=262144"
    "memorysetup-allocator-temp-initial-block-size-main=262144"
    "memorysetup-allocator-temp-initial-block-size-worker=262144"
    "memorysetup-temp-allocator-size-background-worker=32768"
    "memorysetup-temp-allocator-size-job-worker=262144"
    "memorysetup-temp-allocator-size-preload-manager=33554432"
    "memorysetup-temp-allocator-size-nav-mesh-worker=65536"
    "memorysetup-temp-allocator-size-audio-worker=65536"
    "memorysetup-temp-allocator-size-cloud-worker=32768"
    "memorysetup-temp-allocator-size-gi-baking-worker=262144"
    "memorysetup-temp-allocator-size-gfx=262144"
Player connection [8286186560]  Target information:

Player connection [8286186560]  * "[IP] 192.168.1.199 [Port] 0 [Flags] 2 [Guid] 3606170358 [EditorId] 3606170358 [Version] 1048832 [Id] OSXEditor(0,JG1135.local) [Debug] 1 [PackageName] OSXEditor [ProjectName] Editor" 

Player connection [8286186560] Host joined multi-casting on [225.0.0.222:54997]...
Player connection [8286186560] Host joined alternative multi-casting on [225.0.0.222:34997]...
Input System module state changed to: Initialized.
[PhysX] Initialized MultithreadedTaskDispatcher with 14 workers.
Refreshing native plugins compatible for Editor in 31.43 ms, found 2 plugins.
Preloading 0 native plugins for Editor in 0.00 ms.
Initialize engine version: 2022.3.62f3 (96770f904ca7)
[Subsystems] Discovering subsystems at path /Applications/Unity/Hub/Editor/2022.3.62f3/Unity.app/Contents/Resources/UnitySubsystems
[Subsystems] Discovering subsystems at path /Users/sanderson/Documents/work/google-mobile-unity/hyprmx-6-4-5-0/samples/HelloWorld/Assets
GfxDevice: creating device client; threaded=0; jobified=0
 preferred device: Apple M4 Pro (high power)
Metal devices available: 1
0: Apple M4 Pro (high power)
Using device Apple M4 Pro (high power)
Initializing Metal device caps: Apple M4 Pro
Initialize mono
Mono path[0] = '/Applications/Unity/Hub/Editor/2022.3.62f3/Unity.app/Contents/Managed'
Mono path[1] = '/Applications/Unity/Hub/Editor/2022.3.62f3/Unity.app/Contents/MonoBleedingEdge/lib/mono/unityjit-macos'
Mono config path = '/Applications/Unity/Hub/Editor/2022.3.62f3/Unity.app/Contents/MonoBleedingEdge/etc'
Using monoOptions --debugger-agent=transport=dt_socket,embedding=1,server=y,suspend=n,address=127.0.0.1:56280
Begin MonoManager ReloadAssembly
Registering precompiled unity dll's ...
Register platform support module: /Applications/Unity/Hub/Editor/2022.3.62f3/Unity.app/Contents/PlaybackEngines/MacStandaloneSupport/UnityEditor.OSXStandalone.Extensions.dll
Register platform support module: /Applications/Unity/Hub/Editor/2022.3.62f3/PlaybackEngines/AndroidPlayer/UnityEditor.Android.Extensions.dll
Register platform support module: /Applications/Unity/Hub/Editor/2022.3.62f3/PlaybackEngines/iOSSupport/UnityEditor.iOS.Extensions.dll
Registered in 0.003590 seconds.
- Loaded All Assemblies, in  0.242 seconds
[usbmuxd] Start listen thread
[usbmuxd] Listen thread started
[usbmuxd] Send listen message
Native extension for iOS target not found
Native extension for Android target not found
Android Extension - Scanning For ADB Devices 90 ms
Native extension for OSXStandalone target not found
Mono: successfully reloaded assembly
- Finished resetting the current domain, in  0.295 seconds
Domain Reload Profiling: 537ms
	BeginReloadAssembly (112ms)
		ExecutionOrderSort (0ms)
		DisableScriptedObjects (0ms)
		BackupInstance (0ms)
		ReleaseScriptingObjects (0ms)
		CreateAndSetChildDomain (0ms)
	RebuildCommonClasses (19ms)
	RebuildNativeTypeToScriptingClass (5ms)
	initialDomainReloadingComplete (23ms)
	LoadAllAssembliesAndSetupDomain (84ms)
		LoadAssemblies (115ms)
		RebuildTransferFunctionScriptingTraits (0ms)
		AnalyzeDomain (79ms)
			TypeCache.Refresh (79ms)
				TypeCache.ScanAssembly (71ms)
			ScanForSourceGeneratedMonoScriptInfo (0ms)
			ResolveRequiredComponents (0ms)
	FinalizeReload (295ms)
		ReleaseScriptCaches (0ms)
		RebuildScriptCaches (0ms)
		SetupLoadedEditorAssemblies (273ms)
			LogAssemblyErrors (0ms)
			InitializePlatformSupportModulesInManaged (204ms)
			SetLoadedEditorAssemblies (2ms)
			RefreshPlugins (0ms)
			BeforeProcessingInitializeOnLoad (1ms)
			ProcessInitializeOnLoadAttributes (45ms)
			ProcessInitializeOnLoadMethodAttributes (20ms)
			AfterProcessingInitializeOnLoad (0ms)
			EditorAssembliesLoaded (0ms)
		ExecutionOrderSort2 (0ms)
		AwakeInstancesAfterBackupRestoration (0ms)
========================================================================
Worker process is ready to serve import requests
Caller must complete domain reload
Begin MonoManager ReloadAssembly
Symbol file LoadedFromMemory is not a mono symbol file
- Loaded All Assemblies, in  0.451 seconds
Native extension for iOS target not found
Native extension for Android target not found
Native extension for OSXStandalone target not found
Mono: successfully reloaded assembly
- Finished resetting the current domain, in  0.317 seconds
Domain Reload Profiling: 767ms
	BeginReloadAssembly (110ms)
		ExecutionOrderSort (0ms)
		DisableScriptedObjects (2ms)
		BackupInstance (0ms)
		ReleaseScriptingObjects (0ms)
		CreateAndSetChildDomain (9ms)
	RebuildCommonClasses (19ms)
	RebuildNativeTypeToScriptingClass (5ms)
	initialDomainReloadingComplete (25ms)
	LoadAllAssembliesAndSetupDomain (291ms)
		LoadAssemblies (314ms)
		RebuildTransferFunctionScriptingTraits (0ms)
		AnalyzeDomain (63ms)
			TypeCache.Refresh (55ms)
				TypeCache.ScanAssembly (44ms)
			ScanForSourceGeneratedMonoScriptInfo (6ms)
			ResolveRequiredComponents (1ms)
	FinalizeReload (317ms)
		ReleaseScriptCaches (0ms)
		RebuildScriptCaches (0ms)
		SetupLoadedEditorAssemblies (240ms)
			LogAssemblyErrors (0ms)
			InitializePlatformSupportModulesInManaged (16ms)
			SetLoadedEditorAssemblies (1ms)
			RefreshPlugins (0ms)
			BeforeProcessingInitializeOnLoad (22ms)
			ProcessInitializeOnLoadAttributes (123ms)
			ProcessInitializeOnLoadMethodAttributes (77ms)
			AfterProcessingInitializeOnLoad (1ms)
			EditorAssembliesLoaded (0ms)
		ExecutionOrderSort2 (0ms)
		AwakeInstancesAfterBackupRestoration (1ms)
Launching external process: /Applications/Unity/Hub/Editor/2022.3.62f3/Unity.app/Contents/Tools/UnityShaderCompiler
Launched and connected shader compiler UnityShaderCompiler after 0.03 seconds
Refreshing native plugins compatible for Editor in 40.92 ms, found 2 plugins.
Preloading 0 native plugins for Editor in 0.00 ms.
Unloading 2553 Unused Serialized files (Serialized files now loaded: 0)
Unloading 33 unused Assets / (49.1 KB). Loaded Objects now: 3041.
Memory consumption went from 114.3 MB to 114.2 MB.
Total: 3.865875 ms (FindLiveObjects: 0.085125 ms CreateObjectMapping: 0.022750 ms MarkObjects: 3.681375 ms  DeleteObjects: 0.076125 ms)

AssetImportParameters requested are different than current active one (requested -> active):
  custom:video-decoder-webm-vp8: 9c59270c3fd7afecdb556c50c9e8de78 -> 
  custom:SearchIndexIgnoredProperties: e643bd26f0fe6173181afceb89e7c659 -> 
  custom:container-demuxer-ogg: 62fdf1f143b41e24485cea50d1cbac27 -> 
  custom:AudioImporter_EditorPlatform: 3918e3fc78b5a79bad01e8451be0beb8 -> 
  custom:video-decoder-ogg-theora: a1e56fd34408186e4bbccfd4996cb3dc -> 
  custom:framework-osx-AVFoundation: e770b220cccbd017edd2c1fefb359320 -> 
  custom:video-encoder-webm-vp8: eb34c28f22e8b96e1ab97ce403110664 -> 
  custom:audio-decoder-ogg-vorbis: bf7c407c2cedff20999df2af8eb42d56 -> 
  custom:CustomObjectIndexerAttribute: 9a22284fe3817be447336de3de66b15e -> 
  custom:container-demuxer-webm: 4f35f7cbe854078d1ac9338744f61a02 -> 
  custom:audio-encoder-webm-vorbis: bf7c407c2cedff20999df2af8eb42d56 -> 
  custom:container-muxer-webm: aa71ff27fc2769a1b78a27578f13a17b -> 
========================================================================
Received Import Request.
  Time since last request: 518660.663644 seconds.
  path: Assets/GoogleMobileAds/Resources/GoogleMobileAdsSettings.asset
  artifactKey: Guid(864fe3a1669a84689953dce028d33148) Importer(815301076,1909f56bfc062723c751e8b465ee728b)
Start importing Assets/GoogleMobileAds/Resources/GoogleMobileAdsSettings.asset using Guid(864fe3a1669a84689953dce028d33148) Importer(815301076,1909f56bfc062723c751e8b465ee728b) [PhysX] Initialized MultithreadedTaskDispatcher with 14 workers.
 -> (artifact id: '56c6e037e7e22bd85bf414bdc5facd13') in 0.005004 seconds
Number of updated asset objects reloaded before import = 0
Number of asset objects unloaded after import = 1
========================================================================
Received Prepare
Refreshing native plugins compatible for Editor in 37.78 ms, found 2 plugins.
Preloading 0 native plugins for Editor in 0.00 ms.
Unloading 0 Unused Serialized files (Serialized files now loaded: 0)
Unloading 1 unused Assets / (0.9 KB). Loaded Objects now: 3042.
Memory consumption went from 73.3 MB to 73.3 MB.
Total: 4.707000 ms (FindLiveObjects: 0.086500 ms CreateObjectMapping: 0.021334 ms MarkObjects: 4.587250 ms  DeleteObjects: 0.011500 ms)

Prepare: number of updated asset objects reloaded= 0
AssetImportParameters requested are different than current active one (requested -> active):
  custom:video-decoder-webm-vp8: 9c59270c3fd7afecdb556c50c9e8de78 -> 
  custom:SearchIndexIgnoredProperties: e643bd26f0fe6173181afceb89e7c659 -> 
  custom:container-demuxer-ogg: 62fdf1f143b41e24485cea50d1cbac27 -> 
  custom:AudioImporter_EditorPlatform: 3918e3fc78b5a79bad01e8451be0beb8 -> 
  custom:video-decoder-ogg-theora: a1e56fd34408186e4bbccfd4996cb3dc -> 
  custom:framework-osx-AVFoundation: e770b220cccbd017edd2c1fefb359320 -> 
  custom:video-encoder-webm-vp8: eb34c28f22e8b96e1ab97ce403110664 -> 
  custom:audio-decoder-ogg-vorbis: bf7c407c2cedff20999df2af8eb42d56 -> 
  custom:CustomObjectIndexerAttribute: 9a22284fe3817be447336de3de66b15e -> 
  custom:container-demuxer-webm: 4f35f7cbe854078d1ac9338744f61a02 -> 
  custom:audio-encoder-webm-vorbis: bf7c407c2cedff20999df2af8eb42d56 -> 
  custom:container-muxer-webm: aa71ff27fc2769a1b78a27578f13a17b -> 
========================================================================
Received Prepare
Refreshing native plugins compatible for Editor in 19.13 ms, found 2 plugins.
Preloading 0 native plugins for Editor in 0.00 ms.
Unloading 1 Unused Serialized files (Serialized files now loaded: 0)
Unloading 1 unused Assets / (3.1 KB). Loaded Objects now: 3042.
Memory consumption went from 73.4 MB to 73.4 MB.
Total: 3.899958 ms (FindLiveObjects: 0.077042 ms CreateObjectMapping: 0.027166 ms MarkObjects: 3.784042 ms  DeleteObjects: 0.011458 ms)

Prepare: number of updated asset objects reloaded= 0
AssetImportParameters requested are different than current active one (requested -> active):
  custom:video-decoder-webm-vp8: 9c59270c3fd7afecdb556c50c9e8de78 -> 
  custom:SearchIndexIgnoredProperties: e643bd26f0fe6173181afceb89e7c659 -> 
  custom:container-demuxer-ogg: 62fdf1f143b41e24485cea50d1cbac27 -> 
  custom:AudioImporter_EditorPlatform: 3918e3fc78b5a79bad01e8451be0beb8 -> 
  custom:video-decoder-ogg-theora: a1e56fd34408186e4bbccfd4996cb3dc -> 
  custom:framework-osx-AVFoundation: e770b220cccbd017edd2c1fefb359320 -> 
  custom:video-encoder-webm-vp8: eb34c28f22e8b96e1ab97ce403110664 -> 
  custom:audio-decoder-ogg-vorbis: bf7c407c2cedff20999df2af8eb42d56 -> 
  custom:CustomObjectIndexerAttribute: 9a22284fe3817be447336de3de66b15e -> 
  custom:container-demuxer-webm: 4f35f7cbe854078d1ac9338744f61a02 -> 
  custom:audio-encoder-webm-vorbis: bf7c407c2cedff20999df2af8eb42d56 -> 
  custom:container-muxer-webm: aa71ff27fc2769a1b78a27578f13a17b -> 
========================================================================
Received Prepare
Caller must complete domain reload
Begin MonoManager ReloadAssembly
Thread 0x174b47000 may have been prematurely finalized
Symbol file LoadedFromMemory is not a mono symbol file
- Loaded All Assemblies, in  0.411 seconds
Native extension for iOS target not found
Native extension for Android target not found
Native extension for OSXStandalone target not found
Mono: successfully reloaded assembly
- Finished resetting the current domain, in  0.683 seconds
Domain Reload Profiling: 1093ms
	BeginReloadAssembly (119ms)
		ExecutionOrderSort (0ms)
		DisableScriptedObjects (2ms)
		BackupInstance (0ms)
		ReleaseScriptingObjects (0ms)
		CreateAndSetChildDomain (12ms)
	RebuildCommonClasses (18ms)
	RebuildNativeTypeToScriptingClass (5ms)
	initialDomainReloadingComplete (17ms)
	LoadAllAssembliesAndSetupDomain (251ms)
		LoadAssemblies (307ms)
		RebuildTransferFunctionScriptingTraits (0ms)
		AnalyzeDomain (30ms)
			TypeCache.Refresh (23ms)
				TypeCache.ScanAssembly (17ms)
			ScanForSourceGeneratedMonoScriptInfo (6ms)
			ResolveRequiredComponents (1ms)
	FinalizeReload (683ms)
		ReleaseScriptCaches (0ms)
		RebuildScriptCaches (0ms)
		SetupLoadedEditorAssemblies (215ms)
			LogAssemblyErrors (0ms)
			InitializePlatformSupportModulesInManaged (16ms)
			SetLoadedEditorAssemblies (1ms)
			RefreshPlugins (0ms)
			BeforeProcessingInitializeOnLoad (20ms)
			ProcessInitializeOnLoadAttributes (110ms)
			ProcessInitializeOnLoadMethodAttributes (67ms)
			AfterProcessingInitializeOnLoad (0ms)
			EditorAssembliesLoaded (0ms)
		ExecutionOrderSort2 (0ms)
		AwakeInstancesAfterBackupRestoration (1ms)
Refreshing native plugins compatible for Editor in 20.09 ms, found 2 plugins.
Preloading 0 native plugins for Editor in 0.00 ms.
Unloading 2547 Unused Serialized files (Serialized files now loaded: 0)
Unloading 24 unused Assets / (29.0 KB). Loaded Objects now: 3045.
Memory consumption went from 120.4 MB to 120.4 MB.
Total: 3.612417 ms (FindLiveObjects: 0.074625 ms CreateObjectMapping: 0.021083 ms MarkObjects: 3.490667 ms  DeleteObjects: 0.025625 ms)

Prepare: number of updated asset objects reloaded= 0
AssetImportParameters requested are different than current active one (requested -> active):
  custom:video-decoder-webm-vp8: 9c59270c3fd7afecdb556c50c9e8de78 -> 
  custom:scripting/precompiled-assembly-types:UnityEditor.Purchasing: 685dd6c21885a5f478106a28c35eac48 -> 34a9de9d7f3d57ae0879e0d7f40e5358
  custom:SearchIndexIgnoredProperties: e643bd26f0fe6173181afceb89e7c659 -> 
  custom:container-demuxer-ogg: 62fdf1f143b41e24485cea50d1cbac27 -> 
  custom:AudioImporter_EditorPlatform: 3918e3fc78b5a79bad01e8451be0beb8 -> 
  custom:scripting/monoscript/fileName/IosInitializationListener.cs: 1afcd9eace4b29d4c56ac3e208ce6091 -> 
  custom:scripting/monoscript/fileName/IosLoadListener.cs: 60a6fa6bfa5567471df83e1cd9489185 -> 
  custom:video-decoder-ogg-theora: a1e56fd34408186e4bbccfd4996cb3dc -> 
  custom:scripting/monoscript/fileName/PostProcessBuildPlist.cs: 09abaaf263b8719afa9fe152a55cce58 -> 
  custom:scripting/monoscript/fileName/AppleCapabilities.cs: ada0ffee336d5f4f056e5a6f89636ddf -> 
  custom:framework-osx-AVFoundation: e770b220cccbd017edd2c1fefb359320 -> 
  custom:scripting/monoscript/fileName/IosBanner.cs: 0b0154bb8d2fedf5a9d3337f009a27b7 -> 
  custom:scripting/monoscript/fileName/IosShowListener.cs: 99a543284038b23ffae9effef8635bb2 -> 
  custom:scripting/monoscript/fileName/PListProcessor.cs: 1290dacdd6d927c28c10b66e0481b008 -> 
  custom:video-encoder-webm-vp8: eb34c28f22e8b96e1ab97ce403110664 -> 
  custom:scripting/precompiled-assembly-types:Unity.Services.Core.Device: 05e86348667145c6318337b7ef48c140 -> 63b48da9c583ff24a0dde69e3097501c
  custom:audio-decoder-ogg-vorbis: bf7c407c2cedff20999df2af8eb42d56 -> 
  custom:scripting/precompiled-assembly-types:UnityEngine.Advertisements: 943cb582db753c05f125cc05f1779411 -> eddddc804f85d325d3f2cfb2febf94fd
  custom:CustomObjectIndexerAttribute: 9a22284fe3817be447336de3de66b15e -> 
  custom:scripting/monoscript/fileName/IosNativeObject.cs: bf575b4cc098f2a6c690a7fffa6175b2 -> 
  custom:scripting/precompiled-assembly-types:UnityEngine.Advertisements.Editor: a357c05e7c81b4c56f1b27612cc9a459 -> f05c6ef344003dc4beb91632ad6a3d4b
  custom:container-demuxer-webm: 4f35f7cbe854078d1ac9338744f61a02 -> 
  custom:scripting/monoscript/fileName/HyprMXAdapterConfiguration.cs: 941bb1b9bc44b054b434280d95bab5a8 -> 854823bcee4f5d7875556e2e052dbb01
  custom:scripting/monoscript/fileName/NSUserDefaults.cs: 0e4508bfb9a56172d0357721cef59693 -> 
  custom:audio-encoder-webm-vorbis: bf7c407c2cedff20999df2af8eb42d56 -> 
  custom:scripting/precompiled-assembly-types:GoogleMobileAds.Editor: d4c9ee07524a12488bc92fff8d1bfbcc -> f43a3c3179e4052d8fce24140d2b1e08
  custom:scripting/precompiled-assembly-types:Assembly-CSharp: 8b2c4e323c2b81057893fdf4b0763ca3 -> 520c803afdb1890ad501bfbb2dde5cf5
  custom:scripting/monoscript/fileName/IosPlatform.cs: 02c9366fe4abc914cb4db792079af415 -> 
  custom:container-muxer-webm: aa71ff27fc2769a1b78a27578f13a17b -> 
========================================================================
Received Prepare
Refreshing native plugins compatible for Editor in 24.62 ms, found 2 plugins.
Preloading 0 native plugins for Editor in 0.00 ms.
Unloading 1 Unused Serialized files (Serialized files now loaded: 0)
Unloading 1 unused Assets / (3.1 KB). Loaded Objects now: 3045.
Memory consumption went from 80.7 MB to 80.7 MB.
Total: 4.370583 ms (FindLiveObjects: 0.083500 ms CreateObjectMapping: 0.019500 ms MarkObjects: 4.257250 ms  DeleteObjects: 0.009916 ms)

Prepare: number of updated asset objects reloaded= 0
AssetImportParameters requested are different than current active one (requested -> active):
  custom:video-decoder-webm-vp8: 9c59270c3fd7afecdb556c50c9e8de78 -> 
  custom:scripting/precompiled-assembly-types:UnityEditor.Purchasing: 685dd6c21885a5f478106a28c35eac48 -> 34a9de9d7f3d57ae0879e0d7f40e5358
  custom:SearchIndexIgnoredProperties: e643bd26f0fe6173181afceb89e7c659 -> 
  custom:container-demuxer-ogg: 62fdf1f143b41e24485cea50d1cbac27 -> 
  custom:AudioImporter_EditorPlatform: 3918e3fc78b5a79bad01e8451be0beb8 -> 
  custom:scripting/monoscript/fileName/IosInitializationListener.cs: 1afcd9eace4b29d4c56ac3e208ce6091 -> 
  custom:scripting/monoscript/fileName/IosLoadListener.cs: 60a6fa6bfa5567471df83e1cd9489185 -> 
  custom:video-decoder-ogg-theora: a1e56fd34408186e4bbccfd4996cb3dc -> 
  custom:scripting/monoscript/fileName/PostProcessBuildPlist.cs: 09abaaf263b8719afa9fe152a55cce58 -> 
  custom:scripting/monoscript/fileName/AppleCapabilities.cs: ada0ffee336d5f4f056e5a6f89636ddf -> 
  custom:framework-osx-AVFoundation: e770b220cccbd017edd2c1fefb359320 -> 
  custom:scripting/monoscript/fileName/IosBanner.cs: 0b0154bb8d2fedf5a9d3337f009a27b7 -> 
  custom:scripting/monoscript/fileName/IosShowListener.cs: 99a543284038b23ffae9effef8635bb2 -> 
  custom:scripting/monoscript/fileName/PListProcessor.cs: 1290dacdd6d927c28c10b66e0481b008 -> 
  custom:video-encoder-webm-vp8: eb34c28f22e8b96e1ab97ce403110664 -> 
  custom:scripting/precompiled-assembly-types:Unity.Services.Core.Device: 05e86348667145c6318337b7ef48c140 -> 63b48da9c583ff24a0dde69e3097501c
  custom:audio-decoder-ogg-vorbis: bf7c407c2cedff20999df2af8eb42d56 -> 
  custom:scripting/precompiled-assembly-types:UnityEngine.Advertisements: 943cb582db753c05f125cc05f1779411 -> eddddc804f85d325d3f2cfb2febf94fd
  custom:CustomObjectIndexerAttribute: 9a22284fe3817be447336de3de66b15e -> 
  custom:scripting/monoscript/fileName/IosNativeObject.cs: bf575b4cc098f2a6c690a7fffa6175b2 -> 
  custom:scripting/precompiled-assembly-types:UnityEngine.Advertisements.Editor: a357c05e7c81b4c56f1b27612cc9a459 -> f05c6ef344003dc4beb91632ad6a3d4b
  custom:container-demuxer-webm: 4f35f7cbe854078d1ac9338744f61a02 -> 
  custom:scripting/monoscript/fileName/HyprMXAdapterConfiguration.cs: 941bb1b9bc44b054b434280d95bab5a8 -> 854823bcee4f5d7875556e2e052dbb01
  custom:scripting/monoscript/fileName/NSUserDefaults.cs: 0e4508bfb9a56172d0357721cef59693 -> 
  custom:audio-encoder-webm-vorbis: bf7c407c2cedff20999df2af8eb42d56 -> 
  custom:scripting/precompiled-assembly-types:GoogleMobileAds.Editor: d4c9ee07524a12488bc92fff8d1bfbcc -> f43a3c3179e4052d8fce24140d2b1e08
  custom:scripting/precompiled-assembly-types:Assembly-CSharp: 8b2c4e323c2b81057893fdf4b0763ca3 -> 520c803afdb1890ad501bfbb2dde5cf5
  custom:scripting/monoscript/fileName/IosPlatform.cs: 02c9366fe4abc914cb4db792079af415 -> 
  custom:container-muxer-webm: aa71ff27fc2769a1b78a27578f13a17b -> 
[usbmuxd] Attached: 4 00008120-001A114136E0A01E
[usbmuxd] Detached: 4 00008120-001A114136E0A01E
[usbmuxd] Attached: 5 00008120-001A114136E0A01E
[usbmuxd] Detached: 5 00008120-001A114136E0A01E
[usbmuxd] Attached: 6 00008120-001A114136E0A01E
[usbmuxd] Detached: 6 00008120-001A114136E0A01E
[usbmuxd] Attached: 7 00008120-001A114136E0A01E
[usbmuxd] Detached: 7 00008120-001A114136E0A01E
[usbmuxd] Attached: 8 00008120-001A114136E0A01E
[usbmuxd] Detached: 8 00008120-001A114136E0A01E
[usbmuxd] Attached: 9 00008120-001A114136E0A01E
[usbmuxd] Detached: 9 00008120-001A114136E0A01E
[usbmuxd] Attached: 10 00008120-001A114136E0A01E
[usbmuxd] Detached: 10 00008120-001A114136E0A01E
[usbmuxd] Attached: 11 00008120-001A114136E0A01E
========================================================================
Received Prepare
Caller must complete domain reload
Begin MonoManager ReloadAssembly
Thread 0x16fcb7000 may have been prematurely finalized
Symbol file LoadedFromMemory is not a mono symbol file
- Loaded All Assemblies, in  0.481 seconds
Native extension for iOS target not found
Native extension for Android target not found
Native extension for OSXStandalone target not found
Mono: successfully reloaded assembly
- Finished resetting the current domain, in  0.967 seconds
Domain Reload Profiling: 1447ms
	BeginReloadAssembly (159ms)
		ExecutionOrderSort (0ms)
		DisableScriptedObjects (3ms)
		BackupInstance (0ms)
		ReleaseScriptingObjects (0ms)
		CreateAndSetChildDomain (25ms)
	RebuildCommonClasses (18ms)
	RebuildNativeTypeToScriptingClass (5ms)
	initialDomainReloadingComplete (22ms)
	LoadAllAssembliesAndSetupDomain (276ms)
		LoadAssemblies (376ms)
		RebuildTransferFunctionScriptingTraits (0ms)
		AnalyzeDomain (13ms)
			TypeCache.Refresh (8ms)
				TypeCache.ScanAssembly (0ms)
			ScanForSourceGeneratedMonoScriptInfo (3ms)
			ResolveRequiredComponents (1ms)
	FinalizeReload (967ms)
		ReleaseScriptCaches (0ms)
		RebuildScriptCaches (0ms)
		SetupLoadedEditorAssemblies (249ms)
			LogAssemblyErrors (0ms)
			InitializePlatformSupportModulesInManaged (53ms)
			SetLoadedEditorAssemblies (2ms)
			RefreshPlugins (0ms)
			BeforeProcessingInitializeOnLoad (19ms)
			ProcessInitializeOnLoadAttributes (106ms)
			ProcessInitializeOnLoadMethodAttributes (69ms)
			AfterProcessingInitializeOnLoad (0ms)
			EditorAssembliesLoaded (0ms)
		ExecutionOrderSort2 (0ms)
		AwakeInstancesAfterBackupRestoration (1ms)
Refreshing native plugins compatible for Editor in 21.52 ms, found 2 plugins.
Preloading 0 native plugins for Editor in 0.00 ms.
Unloading 2547 Unused Serialized files (Serialized files now loaded: 0)
Unloading 24 unused Assets / (29.1 KB). Loaded Objects now: 3048.
Memory consumption went from 127.3 MB to 127.3 MB.
Total: 4.743750 ms (FindLiveObjects: 0.085417 ms CreateObjectMapping: 0.022333 ms MarkObjects: 4.595584 ms  DeleteObjects: 0.040000 ms)

Prepare: number of updated asset objects reloaded= 0
AssetImportParameters requested are different than current active one (requested -> active):
  custom:video-decoder-webm-vp8: 9c59270c3fd7afecdb556c50c9e8de78 -> 
  custom:scripting/precompiled-assembly-types:UnityEditor.Purchasing: 685dd6c21885a5f478106a28c35eac48 -> 34a9de9d7f3d57ae0879e0d7f40e5358
  custom:SearchIndexIgnoredProperties: e643bd26f0fe6173181afceb89e7c659 -> 
  custom:container-demuxer-ogg: 62fdf1f143b41e24485cea50d1cbac27 -> 
  custom:AudioImporter_EditorPlatform: 3918e3fc78b5a79bad01e8451be0beb8 -> 
  custom:scripting/monoscript/fileName/IosInitializationListener.cs: 1afcd9eace4b29d4c56ac3e208ce6091 -> 
  custom:scripting/monoscript/fileName/IosLoadListener.cs: 60a6fa6bfa5567471df83e1cd9489185 -> 
  custom:video-decoder-ogg-theora: a1e56fd34408186e4bbccfd4996cb3dc -> 
  custom:scripting/monoscript/fileName/PostProcessBuildPlist.cs: 09abaaf263b8719afa9fe152a55cce58 -> 
  custom:scripting/monoscript/fileName/AppleCapabilities.cs: ada0ffee336d5f4f056e5a6f89636ddf -> 
  custom:framework-osx-AVFoundation: e770b220cccbd017edd2c1fefb359320 -> 
  custom:scripting/monoscript/fileName/IosBanner.cs: 0b0154bb8d2fedf5a9d3337f009a27b7 -> 
  custom:scripting/monoscript/fileName/IosShowListener.cs: 99a543284038b23ffae9effef8635bb2 -> 
  custom:scripting/monoscript/fileName/PListProcessor.cs: 1290dacdd6d927c28c10b66e0481b008 -> 
  custom:video-encoder-webm-vp8: eb34c28f22e8b96e1ab97ce403110664 -> 
  custom:scripting/precompiled-assembly-types:Unity.Services.Core.Device: 05e86348667145c6318337b7ef48c140 -> 63b48da9c583ff24a0dde69e3097501c
  custom:audio-decoder-ogg-vorbis: bf7c407c2cedff20999df2af8eb42d56 -> 
  custom:scripting/precompiled-assembly-types:UnityEngine.Advertisements: 943cb582db753c05f125cc05f1779411 -> eddddc804f85d325d3f2cfb2febf94fd
  custom:CustomObjectIndexerAttribute: 9a22284fe3817be447336de3de66b15e -> 
  custom:scripting/monoscript/fileName/IosNativeObject.cs: bf575b4cc098f2a6c690a7fffa6175b2 -> 
  custom:scripting/precompiled-assembly-types:UnityEngine.Advertisements.Editor: a357c05e7c81b4c56f1b27612cc9a459 -> f05c6ef344003dc4beb91632ad6a3d4b
  custom:container-demuxer-webm: 4f35f7cbe854078d1ac9338744f61a02 -> 
  custom:scripting/monoscript/fileName/HyprMXAdapterConfiguration.cs: 941bb1b9bc44b054b434280d95bab5a8 -> 854823bcee4f5d7875556e2e052dbb01
  custom:scripting/monoscript/fileName/NSUserDefaults.cs: 0e4508bfb9a56172d0357721cef59693 -> 
  custom:audio-encoder-webm-vorbis: bf7c407c2cedff20999df2af8eb42d56 -> 
  custom:scripting/precompiled-assembly-types:GoogleMobileAds.Editor: d4c9ee07524a12488bc92fff8d1bfbcc -> f43a3c3179e4052d8fce24140d2b1e08
  custom:scripting/precompiled-assembly-types:Assembly-CSharp: 8b2c4e323c2b81057893fdf4b0763ca3 -> 520c803afdb1890ad501bfbb2dde5cf5
  custom:scripting/monoscript/fileName/IosPlatform.cs: 02c9366fe4abc914cb4db792079af415 -> 
  custom:container-muxer-webm: aa71ff27fc2769a1b78a27578f13a17b -> 
========================================================================
Received Import Request.
  Time since last request: 10651.584419 seconds.
  path: Assets/Scripts/GoogleMobileAdsController.cs
  artifactKey: Guid(390fea3e63f8f48bc967daef9e0b3cb3) Importer(2089858483,0ecaa5967403d082aa24f35e1b516d23)
Start importing Assets/Scripts/GoogleMobileAdsController.cs using Guid(390fea3e63f8f48bc967daef9e0b3cb3) Importer(2089858483,0ecaa5967403d082aa24f35e1b516d23) [PhysX] Initialized MultithreadedTaskDispatcher with 14 workers.
 -> (artifact id: 'fab246e0a4cd3c67b778128c481b6168') in 0.040069 seconds
Number of updated asset objects reloaded before import = 0
Number of asset objects unloaded after import = 1
========================================================================
Received Import Request.
  Time since last request: 0.000111 seconds.
  path: Assets/Scripts/GoogleMobileAdsConsentController.cs
  artifactKey: Guid(f72884a8871774cceb7b8464bec18009) Importer(2089858483,0ecaa5967403d082aa24f35e1b516d23)
Start importing Assets/Scripts/GoogleMobileAdsConsentController.cs using Guid(f72884a8871774cceb7b8464bec18009) Importer(2089858483,0ecaa5967403d082aa24f35e1b516d23) [PhysX] Initialized MultithreadedTaskDispatcher with 14 workers.
 -> (artifact id: '13f2dd451c6f167375cbe3f045c608a6') in 0.006295 seconds
Number of updated asset objects reloaded before import = 0
Number of asset objects unloaded after import = 1
========================================================================
Received Import Request.
  Time since last request: 0.000111 seconds.
  path: Assets/GoogleMobileAds/link.xml
  artifactKey: Guid(f7526e85b36d249779b90845946ec8f9) Importer(2089858483,0ecaa5967403d082aa24f35e1b516d23)
Start importing Assets/GoogleMobileAds/link.xml using Guid(f7526e85b36d249779b90845946ec8f9) Importer(2089858483,0ecaa5967403d082aa24f35e1b516d23) [PhysX] Initialized MultithreadedTaskDispatcher with 14 workers.
 -> (artifact id: 'e4e208499c118c2c0cb9303e7d704180') in 0.005229 seconds
Number of updated asset objects reloaded before import = 0
Number of asset objects unloaded after import = 1
========================================================================
Received Import Request.
  Time since last request: 0.000133 seconds.
  path: Assets/Scripts/Utility/SceneMenuButton.cs
  artifactKey: Guid(61507fa875a3441d3998666ae192d4a8) Importer(2089858483,0ecaa5967403d082aa24f35e1b516d23)
Start importing Assets/Scripts/Utility/SceneMenuButton.cs using Guid(61507fa875a3441d3998666ae192d4a8) Importer(2089858483,0ecaa5967403d082aa24f35e1b516d23) [PhysX] Initialized MultithreadedTaskDispatcher with 14 workers.
 -> (artifact id: '1ce5dcb8896cd8088fd39225facbf89c') in 0.004474 seconds
Number of updated asset objects reloaded before import = 0
Number of asset objects unloaded after import = 1
========================================================================
Received Import Request.
  Time since last request: 0.000122 seconds.
  path: Assets/HyprMXAdMob/Editor/HyprMXDependencies.xml
  artifactKey: Guid(6ae93d4a841d446fa9b1986e11accb50) Importer(2089858483,0ecaa5967403d082aa24f35e1b516d23)
Start importing Assets/HyprMXAdMob/Editor/HyprMXDependencies.xml using Guid(6ae93d4a841d446fa9b1986e11accb50) Importer(2089858483,0ecaa5967403d082aa24f35e1b516d23) [PhysX] Initialized MultithreadedTaskDispatcher with 14 workers.
 -> (artifact id: '2b76a0959328116848c325a1ab8e910c') in 0.004747 seconds
Number of updated asset objects reloaded before import = 0
Number of asset objects unloaded after import = 1
========================================================================
Received Import Request.
  Time since last request: 0.000118 seconds.
  path: Assets/Scenes/GoogleInterstitialAdScene.unity
  artifactKey: Guid(0de950eca967a4139982e75645f80544) Importer(2089858483,0ecaa5967403d082aa24f35e1b516d23)
Start importing Assets/Scenes/GoogleInterstitialAdScene.unity using Guid(0de950eca967a4139982e75645f80544) Importer(2089858483,0ecaa5967403d082aa24f35e1b516d23) [PhysX] Initialized MultithreadedTaskDispatcher with 14 workers.
 -> (artifact id: 'd7c49c0a8ededd1c5f1fe8823a5fbf3f') in 0.004350 seconds
Number of updated asset objects reloaded before import = 0
Number of asset objects unloaded after import = 1
========================================================================
Received Import Request.
  Time since last request: 0.000107 seconds.
  path: Assets/UI/images/InterstitialAd.png
  artifactKey: Guid(9ae14307783f14e599993ef916147f51) Importer(2089858483,0ecaa5967403d082aa24f35e1b516d23)
Start importing Assets/UI/images/InterstitialAd.png using Guid(9ae14307783f14e599993ef916147f51) Importer(2089858483,0ecaa5967403d082aa24f35e1b516d23) [PhysX] Initialized MultithreadedTaskDispatcher with 14 workers.
 -> (artifact id: 'e6ef9acbb94ab16352fd783ced78b6c4') in 0.023021 seconds
Number of updated asset objects reloaded before import = 0
Number of asset objects unloaded after import = 3
========================================================================
Received Import Request.
  Time since last request: 0.000138 seconds.
  path: Assets/Snippets/AppEventSnippets.html
  artifactKey: Guid(b2dd33f07fbd24ef2989220808b52495) Importer(2089858483,0ecaa5967403d082aa24f35e1b516d23)
Start importing Assets/Snippets/AppEventSnippets.html using Guid(b2dd33f07fbd24ef2989220808b52495) Importer(2089858483,0ecaa5967403d082aa24f35e1b516d23) [PhysX] Initialized MultithreadedTaskDispatcher with 14 workers.
 -> (artifact id: '9bfe75cc70f3c43924c7978b18a09280') in 0.006468 seconds
Number of updated asset objects reloaded before import = 0
Number of asset objects unloaded after import = 1
========================================================================
Received Import Request.
  Time since last request: 0.000094 seconds.
  path: Assets/Scripts/NativeOverlayAdController.cs
  artifactKey: Guid(c4e3bfd721a234848a99eac23b5afc7b) Importer(2089858483,0ecaa5967403d082aa24f35e1b516d23)
Start importing Assets/Scripts/NativeOverlayAdController.cs using Guid(c4e3bfd721a234848a99eac23b5afc7b) Importer(2089858483,0ecaa5967403d082aa24f35e1b516d23) [PhysX] Initialized MultithreadedTaskDispatcher with 14 workers.
 -> (artifact id: 'aec1426bc7c1703dd143225dc658f8e7') in 0.004694 seconds
Number of updated asset objects reloaded before import = 0
Number of asset objects unloaded after import = 1
========================================================================
Received Import Request.
  Time since last request: 0.000115 seconds.
  path: Assets/Scenes/GoogleBannerViewScene.unity
  artifactKey: Guid(45a43bb05372041729f7acb6c61ab2fc) Importer(2089858483,0ecaa5967403d082aa24f35e1b516d23)
Start importing Assets/Scenes/GoogleBannerViewScene.unity using Guid(45a43bb05372041729f7acb6c61ab2fc) Importer(2089858483,0ecaa5967403d082aa24f35e1b516d23) [PhysX] Initialized MultithreadedTaskDispatcher with 14 workers.
 -> (artifact id: '474af9698217bd67d8f27f0bfe787536') in 0.004111 seconds
Number of updated asset objects reloaded before import = 0
Number of asset objects unloaded after import = 1
========================================================================
Received Import Request.
  Time since last request: 0.000133 seconds.
  path: Assets/Prefabs/MenuButton.prefab
  artifactKey: Guid(89cc0445d212f4b2e88164d183e617b2) Importer(2089858483,0ecaa5967403d082aa24f35e1b516d23)
Start importing Assets/Prefabs/MenuButton.prefab using Guid(89cc0445d212f4b2e88164d183e617b2) Importer(2089858483,0ecaa5967403d082aa24f35e1b516d23) [PhysX] Initialized MultithreadedTaskDispatcher with 14 workers.
 -> (artifact id: '896ded1b4b4bccf25a8ba7745ffc5e07') in 0.043426 seconds
Number of updated asset objects reloaded before import = 0
Number of asset objects unloaded after import = 12
========================================================================
Received Import Request.
  Time since last request: 0.000112 seconds.
  path: Assets/Scripts/InterstitialAdController.cs
  artifactKey: Guid(af99ffa6d280342d88957eca641387f1) Importer(2089858483,0ecaa5967403d082aa24f35e1b516d23)
Start importing Assets/Scripts/InterstitialAdController.cs using Guid(af99ffa6d280342d88957eca641387f1) Importer(2089858483,0ecaa5967403d082aa24f35e1b516d23) [PhysX] Initialized MultithreadedTaskDispatcher with 14 workers.
 -> (artifact id: 'fb9df36f49fbfdba8beae9ed6d47850c') in 0.004297 seconds
Number of updated asset objects reloaded before import = 0
Number of asset objects unloaded after import = 1
========================================================================
Received Import Request.
  Time since last request: 0.000113 seconds.
  path: Assets/Snippets/ResponseInfoSnippets.cs
  artifactKey: Guid(b606a7e882f5944bd82660a995c2f393) Importer(2089858483,0ecaa5967403d082aa24f35e1b516d23)
Start importing Assets/Snippets/ResponseInfoSnippets.cs using Guid(b606a7e882f5944bd82660a995c2f393) Importer(2089858483,0ecaa5967403d082aa24f35e1b516d23) [PhysX] Initialized MultithreadedTaskDispatcher with 14 workers.
 -> (artifact id: 'd44e631e2802ad789b476b7cf170ceb0') in 0.006977 seconds
Number of updated asset objects reloaded before import = 0
Number of asset objects unloaded after import = 1
========================================================================
Received Import Request.
  Time since last request: 0.000114 seconds.
  path: Assets/UI/images/BannerAd.png
  artifactKey: Guid(90d1eeded978747d38860c14c827956a) Importer(2089858483,0ecaa5967403d082aa24f35e1b516d23)
Start importing Assets/UI/images/BannerAd.png using Guid(90d1eeded978747d38860c14c827956a) Importer(2089858483,0ecaa5967403d082aa24f35e1b516d23) [PhysX] Initialized MultithreadedTaskDispatcher with 14 workers.
 -> (artifact id: '541f2ac05d8798868edc126e901b218c') in 0.008656 seconds
Number of updated asset objects reloaded before import = 0
Number of asset objects unloaded after import = 3
========================================================================
Received Import Request.
  Time since last request: 0.000097 seconds.
  path: Assets/Snippets/BannerViewSnippets.cs
  artifactKey: Guid(4800e421163f54edcbd37aaa8eaae488) Importer(2089858483,0ecaa5967403d082aa24f35e1b516d23)
Start importing Assets/Snippets/BannerViewSnippets.cs using Guid(4800e421163f54edcbd37aaa8eaae488) Importer(2089858483,0ecaa5967403d082aa24f35e1b516d23) [PhysX] Initialized MultithreadedTaskDispatcher with 14 workers.
 -> (artifact id: '2a0c7824795e76a82b09da0001a4904e') in 0.003983 seconds
Number of updated asset objects reloaded before import = 0
Number of asset objects unloaded after import = 1
========================================================================
Received Import Request.
  Time since last request: 0.000158 seconds.
  path: Assets/GoogleMobileAds/Resources/GoogleMobileAdsSettings.asset
  artifactKey: Guid(864fe3a1669a84689953dce028d33148) Importer(2089858483,0ecaa5967403d082aa24f35e1b516d23)
Start importing Assets/GoogleMobileAds/Resources/GoogleMobileAdsSettings.asset using Guid(864fe3a1669a84689953dce028d33148) Importer(2089858483,0ecaa5967403d082aa24f35e1b516d23) [PhysX] Initialized MultithreadedTaskDispatcher with 14 workers.
 -> (artifact id: 'c36a343f73d19afcbc336f5c6ec26fb2') in 0.009250 seconds
Number of updated asset objects reloaded before import = 0
Number of asset objects unloaded after import = 1
========================================================================
Received Import Request.
  Time since last request: 0.000161 seconds.
  path: Assets/Scenes/GoogleAppOpenAdScene.unity
  artifactKey: Guid(96a30099f000b431c89175db943e4bb5) Importer(2089858483,0ecaa5967403d082aa24f35e1b516d23)
Start importing Assets/Scenes/GoogleAppOpenAdScene.unity using Guid(96a30099f000b431c89175db943e4bb5) Importer(2089858483,0ecaa5967403d082aa24f35e1b516d23) [PhysX] Initialized MultithreadedTaskDispatcher with 14 workers.
 -> (artifact id: 'b7e1bc8e719669681a4094c39db60639') in 0.004059 seconds
Number of updated asset objects reloaded before import = 0
Number of asset objects unloaded after import = 1
========================================================================
Received Import Request.
  Time since last request: 0.000146 seconds.
  path: Assets/Resources/BillingMode.json
  artifactKey: Guid(a7e12f59ec9ea4d43a3e852cafe1396d) Importer(2089858483,0ecaa5967403d082aa24f35e1b516d23)
Start importing Assets/Resources/BillingMode.json using Guid(a7e12f59ec9ea4d43a3e852cafe1396d) Importer(2089858483,0ecaa5967403d082aa24f35e1b516d23) [PhysX] Initialized MultithreadedTaskDispatcher with 14 workers.
 -> (artifact id: '3ccf978e9cfe12bf9b404179f642b30c') in 0.005916 seconds
Number of updated asset objects reloaded before import = 0
Number of asset objects unloaded after import = 1
========================================================================
Received Import Request.
  Time since last request: 0.000192 seconds.
  path: Assets/Snippets/ReduceFirstImpressionLatencySnippets.cs
  artifactKey: Guid(57b3dab1acaa2453089febc7d095f022) Importer(2089858483,0ecaa5967403d082aa24f35e1b516d23)
Start importing Assets/Snippets/ReduceFirstImpressionLatencySnippets.cs using Guid(57b3dab1acaa2453089febc7d095f022) Importer(2089858483,0ecaa5967403d082aa24f35e1b516d23) [PhysX] Initialized MultithreadedTaskDispatcher with 14 workers.
 -> (artifact id: '56fbfc63c7d8c1dc4f59fcb8680840a8') in 0.006533 seconds
Number of updated asset objects reloaded before import = 0
Number of asset objects unloaded after import = 1
========================================================================
Received Import Request.
  Time since last request: 0.000202 seconds.
  path: Assets/Snippets/UMPSnippets.cs
  artifactKey: Guid(8f7b3c2d6a5e4f90b1c2d3e4f5a6b7c8) Importer(2089858483,0ecaa5967403d082aa24f35e1b516d23)
Start importing Assets/Snippets/UMPSnippets.cs using Guid(8f7b3c2d6a5e4f90b1c2d3e4f5a6b7c8) Importer(2089858483,0ecaa5967403d082aa24f35e1b516d23) [PhysX] Initialized MultithreadedTaskDispatcher with 14 workers.
 -> (artifact id: 'aa8e48a27b64f314f57bdf239bf6659c') in 0.006020 seconds
Number of updated asset objects reloaded before import = 0
Number of asset objects unloaded after import = 1
========================================================================
Received Import Request.
  Time since last request: 0.000156 seconds.
  path: Assets/UI/images/RewardedInterstitialAd.png
  artifactKey: Guid(0ab91e9f90fc046a69bf6903c4adc4cc) Importer(2089858483,0ecaa5967403d082aa24f35e1b516d23)
Start importing Assets/UI/images/RewardedInterstitialAd.png using Guid(0ab91e9f90fc046a69bf6903c4adc4cc) Importer(2089858483,0ecaa5967403d082aa24f35e1b516d23) [PhysX] Initialized MultithreadedTaskDispatcher with 14 workers.
 -> (artifact id: 'baeb60a2cd2530a0219162ba359947c7') in 0.009516 seconds
Number of updated asset objects reloaded before import = 0
Number of asset objects unloaded after import = 3
========================================================================
Received Import Request.
  Time since last request: 0.000138 seconds.
  path: Assets/UI/images/ButtonBackground.png
  artifactKey: Guid(f795a5541737a4c09a571dc953a23ba5) Importer(2089858483,0ecaa5967403d082aa24f35e1b516d23)
Start importing Assets/UI/images/ButtonBackground.png using Guid(f795a5541737a4c09a571dc953a23ba5) Importer(2089858483,0ecaa5967403d082aa24f35e1b516d23) [PhysX] Initialized MultithreadedTaskDispatcher with 14 workers.
 -> (artifact id: 'f307da316a624c6ed2e836a7dd52c91d') in 0.008612 seconds
Number of updated asset objects reloaded before import = 0
Number of asset objects unloaded after import = 3
========================================================================
Received Import Request.
  Time since last request: 0.000148 seconds.
  path: Assets/Scripts/Utility/SceneMenuList.cs
  artifactKey: Guid(aaa387d4368544a649dfb76e74067ed7) Importer(2089858483,0ecaa5967403d082aa24f35e1b516d23)
Start importing Assets/Scripts/Utility/SceneMenuList.cs using Guid(aaa387d4368544a649dfb76e74067ed7) Importer(2089858483,0ecaa5967403d082aa24f35e1b516d23) [PhysX] Initialized MultithreadedTaskDispatcher with 14 workers.
 -> (artifact id: '698de340c8a3fba12c3b0c3360bdd53d') in 0.004366 seconds
Number of updated asset objects reloaded before import = 0
Number of asset objects unloaded after import = 1
[usbmuxd] Detached: 11 00008120-001A114136E0A01E
